Archive member included to satisfy reference by file (symbol)

/usr/lib/gcc/arm-none-eabi/8.3.1/thumb/v6-m/nofp/libgcc.a(_thumb1_case_sqi.o)
                              usb/device/usbdc.o (__gnu_thumb1_case_sqi)
/usr/lib/gcc/arm-none-eabi/8.3.1/thumb/v6-m/nofp/libgcc.a(_thumb1_case_uqi.o)
                              usb/class/cdc/device/cdcdf_acm.o (__gnu_thumb1_case_uqi)
/usr/lib/gcc/arm-none-eabi/8.3.1/thumb/v6-m/nofp/libgcc.a(_thumb1_case_shi.o)
                              usb/device/usbdc.o (__gnu_thumb1_case_shi)
/usr/lib/gcc/arm-none-eabi/8.3.1/thumb/v6-m/nofp/libgcc.a(_udivsi3.o)
                              hpl/core/hpl_core_m0plus_base.o (__aeabi_uidiv)
/usr/lib/gcc/arm-none-eabi/8.3.1/thumb/v6-m/nofp/libgcc.a(_divsi3.o)
                              hpl/core/hpl_core_m0plus_base.o (__aeabi_idiv)
/usr/lib/gcc/arm-none-eabi/8.3.1/thumb/v6-m/nofp/libgcc.a(_dvmd_tls.o)
                              /usr/lib/gcc/arm-none-eabi/8.3.1/thumb/v6-m/nofp/libgcc.a(_udivsi3.o) (__aeabi_idiv0)
/usr/lib/gcc/arm-none-eabi/8.3.1/thumb/v6-m/nofp/libgcc.a(_aeabi_ldivmod.o)
                              hpl/sercom/hpl_sercom.o (__aeabi_ldivmod)
/usr/lib/gcc/arm-none-eabi/8.3.1/thumb/v6-m/nofp/libgcc.a(_aeabi_uldivmod.o)
                              hpl/sercom/hpl_sercom.o (__aeabi_uldivmod)
/usr/lib/gcc/arm-none-eabi/8.3.1/thumb/v6-m/nofp/libgcc.a(_muldi3.o)
                              hpl/sercom/hpl_sercom.o (__aeabi_lmul)
/usr/lib/gcc/arm-none-eabi/8.3.1/thumb/v6-m/nofp/libgcc.a(_fixunsdfsi.o)
                              hpl/sercom/hpl_sercom.o (__aeabi_d2uiz)
/usr/lib/gcc/arm-none-eabi/8.3.1/thumb/v6-m/nofp/libgcc.a(_udivmoddi4.o)
                              /usr/lib/gcc/arm-none-eabi/8.3.1/thumb/v6-m/nofp/libgcc.a(_aeabi_uldivmod.o) (__udivmoddi4)
/usr/lib/gcc/arm-none-eabi/8.3.1/thumb/v6-m/nofp/libgcc.a(bpabi.o)
                              /usr/lib/gcc/arm-none-eabi/8.3.1/thumb/v6-m/nofp/libgcc.a(_aeabi_ldivmod.o) (__gnu_ldivmod_helper)
/usr/lib/gcc/arm-none-eabi/8.3.1/thumb/v6-m/nofp/libgcc.a(divdf3.o)
                              hpl/sercom/hpl_sercom.o (__aeabi_ddiv)
/usr/lib/gcc/arm-none-eabi/8.3.1/thumb/v6-m/nofp/libgcc.a(muldf3.o)
                              hpl/sercom/hpl_sercom.o (__aeabi_dmul)
/usr/lib/gcc/arm-none-eabi/8.3.1/thumb/v6-m/nofp/libgcc.a(subdf3.o)
                              hpl/sercom/hpl_sercom.o (__aeabi_dsub)
/usr/lib/gcc/arm-none-eabi/8.3.1/thumb/v6-m/nofp/libgcc.a(fixdfsi.o)
                              /usr/lib/gcc/arm-none-eabi/8.3.1/thumb/v6-m/nofp/libgcc.a(_fixunsdfsi.o) (__aeabi_d2iz)
/usr/lib/gcc/arm-none-eabi/8.3.1/thumb/v6-m/nofp/libgcc.a(floatsidf.o)
                              hpl/sercom/hpl_sercom.o (__aeabi_i2d)
/usr/lib/gcc/arm-none-eabi/8.3.1/thumb/v6-m/nofp/libgcc.a(floatunsidf.o)
                              hpl/sercom/hpl_sercom.o (__aeabi_ui2d)
/usr/lib/gcc/arm-none-eabi/8.3.1/thumb/v6-m/nofp/libgcc.a(_arm_cmpdf2.o)
                              /usr/lib/gcc/arm-none-eabi/8.3.1/thumb/v6-m/nofp/libgcc.a(_fixunsdfsi.o) (__aeabi_dcmpge)
/usr/lib/gcc/arm-none-eabi/8.3.1/thumb/v6-m/nofp/libgcc.a(_clzsi2.o)
                              /usr/lib/gcc/arm-none-eabi/8.3.1/thumb/v6-m/nofp/libgcc.a(divdf3.o) (__clzsi2)
/usr/lib/gcc/arm-none-eabi/8.3.1/thumb/v6-m/nofp/libgcc.a(_clzdi2.o)
                              /usr/lib/gcc/arm-none-eabi/8.3.1/thumb/v6-m/nofp/libgcc.a(_udivmoddi4.o) (__clzdi2)
/usr/lib/gcc/arm-none-eabi/8.3.1/thumb/v6-m/nofp/libgcc.a(_divdi3.o)
                              /usr/lib/gcc/arm-none-eabi/8.3.1/thumb/v6-m/nofp/libgcc.a(bpabi.o) (__divdi3)
/usr/lib/gcc/arm-none-eabi/8.3.1/thumb/v6-m/nofp/libgcc.a(eqdf2.o)
                              /usr/lib/gcc/arm-none-eabi/8.3.1/thumb/v6-m/nofp/libgcc.a(_arm_cmpdf2.o) (__eqdf2)
/usr/lib/gcc/arm-none-eabi/8.3.1/thumb/v6-m/nofp/libgcc.a(gedf2.o)
                              /usr/lib/gcc/arm-none-eabi/8.3.1/thumb/v6-m/nofp/libgcc.a(_arm_cmpdf2.o) (__gedf2)
/usr/lib/gcc/arm-none-eabi/8.3.1/thumb/v6-m/nofp/libgcc.a(ledf2.o)
                              /usr/lib/gcc/arm-none-eabi/8.3.1/thumb/v6-m/nofp/libgcc.a(_arm_cmpdf2.o) (__ledf2)
/usr/lib/gcc/arm-none-eabi/8.3.1/../../../arm-none-eabi/lib/thumb/v6-m/nofp/libc_nano.a(lib_a-atexit.o)
                              /usr/lib/gcc/arm-none-eabi/8.3.1/../../../arm-none-eabi/lib/thumb/v6-m/nofp/crt0.o (atexit)
/usr/lib/gcc/arm-none-eabi/8.3.1/../../../arm-none-eabi/lib/thumb/v6-m/nofp/libc_nano.a(lib_a-exit.o)
                              /usr/lib/gcc/arm-none-eabi/8.3.1/../../../arm-none-eabi/lib/thumb/v6-m/nofp/crt0.o (exit)
/usr/lib/gcc/arm-none-eabi/8.3.1/../../../arm-none-eabi/lib/thumb/v6-m/nofp/libc_nano.a(lib_a-fini.o)
                              /usr/lib/gcc/arm-none-eabi/8.3.1/../../../arm-none-eabi/lib/thumb/v6-m/nofp/crt0.o (__libc_fini_array)
/usr/lib/gcc/arm-none-eabi/8.3.1/../../../arm-none-eabi/lib/thumb/v6-m/nofp/libc_nano.a(lib_a-impure.o)
[...]
Memory Configuration

Name             Origin             Length             Attributes
rom              0x0000000000000000 0x0000000000008000 xr
ram              0x0000000020000000 0x0000000000001000 xrw
*default*        0x0000000000000000 0xffffffffffffffff

Linker script and memory map

LOAD /usr/lib/gcc/arm-none-eabi/8.3.1/thumb/v6-m/nofp/crti.o
LOAD /usr/lib/gcc/arm-none-eabi/8.3.1/thumb/v6-m/nofp/crtbegin.o
LOAD /usr/lib/gcc/arm-none-eabi/8.3.1/../../../arm-none-eabi/lib/thumb/v6-m/nofp/crt0.o
LOAD hal/src/hal_io.o
LOAD samd21a/gcc/gcc/startup_samd21.o
LOAD usb/class/cdc/device/cdcdf_acm.o
LOAD hal/utils/src/utils_syscalls.o
LOAD hal/src/hal_timer.o
LOAD hpl/usb/hpl_usb.o
LOAD hal/src/hal_i2c_m_sync.o
LOAD hal/src/hal_delay.o
LOAD hpl/sysctrl/hpl_sysctrl.o
LOAD hpl/core/hpl_init.o
LOAD hal/utils/src/utils_list.o
LOAD hpl/core/hpl_core_m0plus_base.o
LOAD hal/utils/src/utils_assert.o
LOAD usb_start.o
LOAD hpl/pm/hpl_pm.o
LOAD hpl/gclk/hpl_gclk.o
LOAD usb/usb_protocol.o
LOAD hal/src/hal_init.o
LOAD hal/src/hal_usb_device.o
LOAD main.o
LOAD samd21a/gcc/system_samd21.o
LOAD hpl/rtc/hpl_rtc.o
LOAD examples/driver_examples.o
LOAD driver_init.o
LOAD hpl/sercom/hpl_sercom.o
LOAD hal/src/hal_gpio.o
LOAD hal/utils/src/utils_event.o
LOAD hal/src/hal_sleep.o
LOAD hpl/dmac/hpl_dmac.o
LOAD atmel_start.o
LOAD usb/device/usbdc.o
LOAD hal/src/hal_atomic.o
START GROUP
LOAD /usr/lib/gcc/arm-none-eabi/8.3.1/../../../arm-none-eabi/lib/thumb/v6-m/nofp/libm.a
END GROUP
START GROUP
LOAD /usr/lib/gcc/arm-none-eabi/8.3.1/thumb/v6-m/nofp/libgcc.a
LOAD /usr/lib/gcc/arm-none-eabi/8.3.1/../../../arm-none-eabi/lib/thumb/v6-m/nofp/libc_nano.a
END GROUP
START GROUP
LOAD /usr/lib/gcc/arm-none-eabi/8.3.1/thumb/v6-m/nofp/libgcc.a
LOAD /usr/lib/gcc/arm-none-eabi/8.3.1/../../../arm-none-eabi/lib/thumb/v6-m/nofp/libc_nano.a
END GROUP
LOAD /usr/lib/gcc/arm-none-eabi/8.3.1/thumb/v6-m/nofp/crtend.o
LOAD /usr/lib/gcc/arm-none-eabi/8.3.1/thumb/v6-m/nofp/crtn.o
                0x0000000000000400                STACK_SIZE = DEFINED (STACK_SIZE)?STACK_SIZE:DEFINED (__stack_size__)?__stack_size__:0x400

.text           0x0000000000000000     0x2b40
                0x0000000000000000                . = ALIGN (0x4)
                0x0000000000000000                _sfixed = .
 *(.vectors .vectors.*)
 .vectors       0x0000000000000000       0xb4 samd21a/gcc/gcc/startup_samd21.o
                0x0000000000000000                exception_table
 *(.text .text.* .gnu.linkonce.t.*)
 .text          0x00000000000000b4       0x98 /usr/lib/gcc/arm-none-eabi/8.3.1/thumb/v6-m/nofp/crtbegin.o
 .text.Dummy_Handler
                0x000000000000014c        0x2 samd21a/gcc/gcc/startup_samd21.o
                0x000000000000014c                SVCall_Handler
                0x000000000000014c                DMAC_Handler
                0x000000000000014c                HardFault_Handler
                0x000000000000014c                AC_Handler
                0x000000000000014c                SysTick_Handler
                0x000000000000014c                PendSV_Handler
                0x000000000000014c                SERCOM1_Handler
                0x000000000000014c                ADC_Handler
                0x000000000000014c                NonMaskableInt_Handler
                0x000000000000014c                TCC1_Handler
                0x000000000000014c                SERCOM2_Handler
                0x000000000000014c                TCC0_Handler
                0x000000000000014c                EIC_Handler
                0x000000000000014c                WDT_Handler
                0x000000000000014c                TC4_Handler
                0x000000000000014c                TC3_Handler
                0x000000000000014c                Dummy_Handler
                0x000000000000014c                PM_Handler
                0x000000000000014c                TCC2_Handler
                0x000000000000014c                EVSYS_Handler
                0x000000000000014c                SERCOM3_Handler
                0x000000000000014c                I2S_Handler
                0x000000000000014c                NVMCTRL_Handler
                0x000000000000014c                SERCOM0_Handler
                0x000000000000014c                DAC_Handler
                0x000000000000014c                PTC_Handler
                0x000000000000014c                TC5_Handler
                0x000000000000014c                SYSCTRL_Handler
 *fill*         0x000000000000014e        0x2 
 .text.Reset_Handler
                0x0000000000000150       0xb4 samd21a/gcc/gcc/startup_samd21.o
                0x0000000000000150                Reset_Handler
 .text.cdcdf_acm_req
                0x0000000000000204       0xd4 usb/class/cdc/device/cdcdf_acm.o
 .text.cdcdf_acm_ctrl
                0x00000000000002d8      0x124 usb/class/cdc/device/cdcdf_acm.o
 .text.cdcdf_acm_init
                0x00000000000003fc       0x44 usb/class/cdc/device/cdcdf_acm.o
                0x00000000000003fc                cdcdf_acm_init
 .text.timer_add_timer_task
                0x0000000000000440       0x58 hal/src/hal_timer.o
 .text.timer_process_counted
                0x0000000000000498       0x60 hal/src/hal_timer.o
 .text.timer_init
                0x00000000000004f8       0x3c hal/src/hal_timer.o
                0x00000000000004f8                timer_init
 .text._dummy_func_no_return
                0x0000000000000534        0x4 hpl/usb/hpl_usb.o
 .text._usb_d_dev_wait_dfll_rdy
                0x0000000000000538       0x24 hpl/usb/hpl_usb.o
 .text._usb_d_dev_ept
                0x000000000000055c       0x1c hpl/usb/hpl_usb.o
 .text._usb_d_dev_handle_setup
                0x0000000000000578       0x7c hpl/usb/hpl_usb.o
 .text._usb_d_dev_handle_stall
                0x00000000000005f4       0x2c hpl/usb/hpl_usb.o
 .text._usb_d_dev_trans_done
                0x0000000000000620       0x24 hpl/usb/hpl_usb.o
 .text._usb_d_dev_trans_stop
                0x0000000000000644       0x60 hpl/usb/hpl_usb.o
 .text._usb_d_dev_handle_trfail
                0x00000000000006a4       0xdc hpl/usb/hpl_usb.o
 .text._usb_d_dev_reset_epts
                0x0000000000000780       0x3c hpl/usb/hpl_usb.o
 .text._usb_d_dev_in_next
                0x00000000000007bc      0x164 hpl/usb/hpl_usb.o
 .text._usb_d_dev_out_next
                0x0000000000000920      0x1b0 hpl/usb/hpl_usb.o
 .text._usbd_ep_pcksize_size
                0x0000000000000ad0       0x38 hpl/usb/hpl_usb.o
 .text._usb_d_dev_init
                0x0000000000000b08       0xc0 hpl/usb/hpl_usb.o
                0x0000000000000b08                _usb_d_dev_init
 .text._usb_d_dev_enable
                0x0000000000000bc8       0x48 hpl/usb/hpl_usb.o
                0x0000000000000bc8                _usb_d_dev_enable
 .text._usb_d_dev_attach
                0x0000000000000c10       0x10 hpl/usb/hpl_usb.o
                0x0000000000000c10                _usb_d_dev_attach
 .text._usb_d_dev_set_address
                0x0000000000000c20       0x10 hpl/usb/hpl_usb.o
                0x0000000000000c20                _usb_d_dev_set_address
 .text._usb_d_dev_ep_init
                0x0000000000000c30       0xc4 hpl/usb/hpl_usb.o
                0x0000000000000c30                _usb_d_dev_ep_init
 .text._usb_d_dev_ep_deinit
                0x0000000000000cf4       0x78 hpl/usb/hpl_usb.o
                0x0000000000000cf4                _usb_d_dev_ep_deinit
 .text._usb_d_dev_ep_enable
                0x0000000000000d6c      0x138 hpl/usb/hpl_usb.o
                0x0000000000000d6c                _usb_d_dev_ep_enable
 .text._usb_d_dev_ep_stall
                0x0000000000000ea4       0xc0 hpl/usb/hpl_usb.o
                0x0000000000000ea4                _usb_d_dev_ep_stall
 .text._usb_d_dev_ep_read_req
                0x0000000000000f64       0x58 hpl/usb/hpl_usb.o
                0x0000000000000f64                _usb_d_dev_ep_read_req
 .text._usb_d_dev_ep_trans
                0x0000000000000fbc      0x114 hpl/usb/hpl_usb.o
                0x0000000000000fbc                _usb_d_dev_ep_trans
 .text._usb_d_dev_register_callback
                0x00000000000010d0       0x24 hpl/usb/hpl_usb.o
                0x00000000000010d0                _usb_d_dev_register_callback
 .text._usb_d_dev_register_ep_callback
                0x00000000000010f4       0x2c hpl/usb/hpl_usb.o
                0x00000000000010f4                _usb_d_dev_register_ep_callback
 .text.USB_Handler
                0x0000000000001120      0x1d0 hpl/usb/hpl_usb.o
                0x0000000000001120                USB_Handler
 .text.i2c_m_sync_write
                0x00000000000012f0       0x30 hal/src/hal_i2c_m_sync.o
 .text.i2c_m_sync_read
                0x0000000000001320       0x30 hal/src/hal_i2c_m_sync.o
 .text.i2c_m_sync_init
                0x0000000000001350       0x40 hal/src/hal_i2c_m_sync.o
                0x0000000000001350                i2c_m_sync_init
 .text._sysctrl_init_sources
                0x0000000000001390       0x44 hpl/sysctrl/hpl_sysctrl.o
                0x0000000000001390                _sysctrl_init_sources
 .text._sysctrl_init_referenced_generators
                0x00000000000013d4       0x74 hpl/sysctrl/hpl_sysctrl.o
                0x00000000000013d4                _sysctrl_init_referenced_generators
 .text._init_chip
                0x0000000000001448       0x30 hpl/core/hpl_init.o
                0x0000000000001448                _init_chip
 .text.is_list_element
                0x0000000000001478       0x10 hal/utils/src/utils_list.o
                0x0000000000001478                is_list_element
 .text.list_insert_as_head
                0x0000000000001488       0x2c hal/utils/src/utils_list.o
                0x0000000000001488                list_insert_as_head
 .text.list_insert_after
                0x00000000000014b4        0x8 hal/utils/src/utils_list.o
                0x00000000000014b4                list_insert_after
 .text.list_insert_at_end
                0x00000000000014bc       0x40 hal/utils/src/utils_list.o
                0x00000000000014bc                list_insert_at_end
 .text.list_remove_head
                0x00000000000014fc        0xe hal/utils/src/utils_list.o
                0x00000000000014fc                list_remove_head
 .text.assert   0x000000000000150a        0x8 hal/utils/src/utils_assert.o
                0x000000000000150a                assert
 *fill*         0x0000000000001512        0x2 
 .text.cdc_device_acm_init
                0x0000000000001514       0x34 usb_start.o
                0x0000000000001514                cdc_device_acm_init
 .text.usb_init
                0x0000000000001548        0xc usb_start.o
                0x0000000000001548                usb_init
 .text._pm_init
                0x0000000000001554       0x20 hpl/pm/hpl_pm.o
                0x0000000000001554                _pm_init
 .text._gclk_init_generators_by_fref
                0x0000000000001574       0x58 hpl/gclk/hpl_gclk.o
                0x0000000000001574                _gclk_init_generators_by_fref
 .text.usb_find_desc
                0x00000000000015cc       0x1a usb/usb_protocol.o
                0x00000000000015cc                usb_find_desc
 .text.usb_find_ep_desc
                0x00000000000015e6       0x1c usb/usb_protocol.o
                0x00000000000015e6                usb_find_ep_desc
 *fill*         0x0000000000001602        0x2 
 .text.usb_find_cfg_desc
                0x0000000000001604       0x3c usb/usb_protocol.o
                0x0000000000001604                usb_find_cfg_desc
 .text.usb_find_str_desc
                0x0000000000001640       0x30 usb/usb_protocol.o
                0x0000000000001640                usb_find_str_desc
 .text._usb_d_find_ep
                0x0000000000001670       0x34 hal/src/hal_usb_device.o
 .text.usb_d_dummy_cb_false
                0x00000000000016a4        0x4 hal/src/hal_usb_device.o
 .text.usb_d_cb_trans_more
                0x00000000000016a8       0x2c hal/src/hal_usb_device.o
 .text._usb_d_cb_trans_done
                0x00000000000016d4       0xf4 hal/src/hal_usb_device.o
 .text.usb_d_cb_trans_setup
                0x00000000000017c8       0x6c hal/src/hal_usb_device.o
 .text.usb_d_init
                0x0000000000001834       0x68 hal/src/hal_usb_device.o
                0x0000000000001834                usb_d_init
 .text.usb_d_register_callback
                0x000000000000189c        0xc hal/src/hal_usb_device.o
                0x000000000000189c                usb_d_register_callback
 .text.usb_d_enable
                0x00000000000018a8        0xc hal/src/hal_usb_device.o
                0x00000000000018a8                usb_d_enable
 .text.usb_d_attach
                0x00000000000018b4        0xc hal/src/hal_usb_device.o
                0x00000000000018b4                usb_d_attach
 .text.usb_d_set_address
                0x00000000000018c0        0xc hal/src/hal_usb_device.o
                0x00000000000018c0                usb_d_set_address
 .text.usb_d_ep_init
                0x00000000000018cc       0x50 hal/src/hal_usb_device.o
                0x00000000000018cc                usb_d_ep_init
 .text.usb_d_ep0_init
                0x000000000000191c       0x14 hal/src/hal_usb_device.o
                0x000000000000191c                usb_d_ep0_init
 .text.usb_d_ep_deinit
                0x0000000000001930       0x2c hal/src/hal_usb_device.o
                0x0000000000001930                usb_d_ep_deinit
 .text.usb_d_ep_enable
                0x000000000000195c       0x40 hal/src/hal_usb_device.o
                0x000000000000195c                usb_d_ep_enable
 .text.usb_d_ep_transfer
                0x000000000000199c       0xf8 hal/src/hal_usb_device.o
                0x000000000000199c                usb_d_ep_transfer
 .text.usb_d_ep_halt
                0x0000000000001a94       0x64 hal/src/hal_usb_device.o
                0x0000000000001a94                usb_d_ep_halt
 .text.usb_d_ep_register_callback
                0x0000000000001af8       0x4c hal/src/hal_usb_device.o
                0x0000000000001af8                usb_d_ep_register_callback
 .text.startup.main
                0x0000000000001b44        0xc main.o
                0x0000000000001b44                main
 .text.hri_rtc_wait_for_sync
                0x0000000000001b50        0x8 hpl/rtc/hpl_rtc.o
 .text._timer_init
                0x0000000000001b58       0x54 hpl/rtc/hpl_rtc.o
                0x0000000000001b58                _timer_init
 .text._rtc_get_timer
                0x0000000000001bac        0x4 hpl/rtc/hpl_rtc.o
                0x0000000000001bac                _rtc_get_timer
 .text.RTC_Handler
                0x0000000000001bb0       0x24 hpl/rtc/hpl_rtc.o
                0x0000000000001bb0                RTC_Handler
 .text._gpio_set_pin_function
                0x0000000000001bd4       0x58 driver_init.o
 .text._gpio_set_pin_pull_mode.constprop.5
                0x0000000000001c2c       0x14 driver_init.o
 .text._gpio_set_direction.constprop.6
                0x0000000000001c40       0x24 driver_init.o
 .text.I2C_0_PORT_init
                0x0000000000001c64       0x2c driver_init.o
                0x0000000000001c64                I2C_0_PORT_init
 .text.I2C_0_CLOCK_init
                0x0000000000001c90       0x28 driver_init.o
                0x0000000000001c90                I2C_0_CLOCK_init
 .text.I2C_0_init
                0x0000000000001cb8       0x28 driver_init.o
                0x0000000000001cb8                I2C_0_init
 .text.USB_0_PORT_init
                0x0000000000001ce0       0x4c driver_init.o
                0x0000000000001ce0                USB_0_PORT_init
 .text.USB_0_CLOCK_init
                0x0000000000001d2c       0x28 driver_init.o
                0x0000000000001d2c                USB_0_CLOCK_init
 .text.USB_0_init
                0x0000000000001d54       0x1c driver_init.o
                0x0000000000001d54                USB_0_init
 .text.system_init
                0x0000000000001d70       0x98 driver_init.o
                0x0000000000001d70                system_init
 .text.hri_sercomi2cm_wait_for_sync
                0x0000000000001e08        0x8 hpl/sercom/hpl_sercom.o
 .text.hri_sercomi2cm_clear_CTRLA_ENABLE_bit
                0x0000000000001e10       0x18 hpl/sercom/hpl_sercom.o
 .text._get_i2cm_index
                0x0000000000001e28       0x2c hpl/sercom/hpl_sercom.o
 .text._sercom_i2c_send_stop
                0x0000000000001e54       0x18 hpl/sercom/hpl_sercom.o
 .text._sercom_i2c_sync_analyse_flags
                0x0000000000001e6c      0x188 hpl/sercom/hpl_sercom.o
 .text._i2c_m_sync_init_impl
                0x0000000000001ff4       0xc0 hpl/sercom/hpl_sercom.o
 .text._i2c_m_sync_init
                0x00000000000020b4       0x30 hpl/sercom/hpl_sercom.o
                0x00000000000020b4                _i2c_m_sync_init
 .text._i2c_m_sync_transfer
                0x00000000000020e4      0x1a0 hpl/sercom/hpl_sercom.o
                0x00000000000020e4                _i2c_m_sync_transfer
 .text.atmel_start_init
                0x0000000000002284       0x14 atmel_start.o
                0x0000000000002284                atmel_start_init
 .text.usbdc_unconfig
                0x0000000000002298       0x20 usb/device/usbdc.o
 .text.usbdc_change_notify
                0x00000000000022b8       0x24 usb/device/usbdc.o
 .text.usbdc_request_handler
                0x00000000000022dc       0x3c usb/device/usbdc.o
 .text.usbd_sof_cb
                0x0000000000002318       0x1c usb/device/usbdc.o
 .text.usbdc_cb_ctl_done
                0x0000000000002334       0x70 usb/device/usbdc.o
 .text.usbdc_reset
                0x00000000000023a4       0x58 usb/device/usbdc.o
                0x00000000000023a4                usbdc_reset
 .text.usbd_event_cb
                0x00000000000023fc       0x20 usb/device/usbdc.o
 .text.usbdc_xfer
                0x000000000000241c       0x1c usb/device/usbdc.o
                0x000000000000241c                usbdc_xfer
 .text.usbdc_cb_ctl_req
                0x0000000000002438      0x320 usb/device/usbdc.o
 .text.usbdc_register_handler
                0x0000000000002758       0x30 usb/device/usbdc.o
                0x0000000000002758                usbdc_register_handler
 .text.usbdc_init
                0x0000000000002788       0x60 usb/device/usbdc.o
                0x0000000000002788                usbdc_init
 .text.usbdc_register_function
                0x00000000000027e8       0x18 usb/device/usbdc.o
                0x00000000000027e8                usbdc_register_function
 .text.usbdc_start
                0x0000000000002800       0x34 usb/device/usbdc.o
                0x0000000000002800                usbdc_start
 .text.usbdc_attach
                0x0000000000002834        0xc usb/device/usbdc.o
                0x0000000000002834                usbdc_attach
 .text.usbdc_get_ctrl_buffer
                0x0000000000002840        0xc usb/device/usbdc.o
                0x0000000000002840                usbdc_get_ctrl_buffer
 .text.usbdc_get_state
                0x000000000000284c       0x14 usb/device/usbdc.o
                0x000000000000284c                usbdc_get_state
 .text.atomic_enter_critical
                0x0000000000002860        0xe hal/src/hal_atomic.o
                0x0000000000002860                atomic_enter_critical
 .text.atomic_leave_critical
                0x000000000000286e        0xc hal/src/hal_atomic.o
                0x000000000000286e                atomic_leave_critical
 *fill*         0x000000000000287a        0x2 
 .text          0x000000000000287c       0x14 /usr/lib/gcc/arm-none-eabi/8.3.1/thumb/v6-m/nofp/libgcc.a(_thumb1_case_sqi.o)
                0x000000000000287c                __gnu_thumb1_case_sqi
 .text          0x0000000000002890       0x14 /usr/lib/gcc/arm-none-eabi/8.3.1/thumb/v6-m/nofp/libgcc.a(_thumb1_case_shi.o)
                0x0000000000002890                __gnu_thumb1_case_shi
 .text          0x00000000000028a4       0x44 /usr/lib/gcc/arm-none-eabi/8.3.1/../../../arm-none-eabi/lib/thumb/v6-m/nofp/libc_nano.a(lib_a-init.o)
                0x00000000000028a4                __libc_init_array
 .text          0x00000000000028e8       0xa8 /usr/lib/gcc/arm-none-eabi/8.3.1/../../../arm-none-eabi/lib/thumb/v6-m/nofp/libc_nano.a(lib_a-memcpy-stub.o)
                0x00000000000028e8                memcpy
 .text          0x0000000000002990       0xa8 /usr/lib/gcc/arm-none-eabi/8.3.1/../../../arm-none-eabi/lib/thumb/v6-m/nofp/libc_nano.a(lib_a-memset.o)
                0x0000000000002990                memset
 *(.glue_7t)
 .glue_7t       0x0000000000002a38        0x0 linker stubs
 *(.glue_7)
 .glue_7        0x0000000000002a38        0x0 linker stubs
 *(.rodata .rodata* .gnu.linkonce.r.*)
 .rodata.str1.1
                0x0000000000002a38       0x17 hal/src/hal_timer.o
 *fill*         0x0000000000002a4f        0x1 
 .rodata        0x0000000000002a50       0x24 hpl/usb/hpl_usb.o
 .rodata.str1.1
                0x0000000000002a74       0x1c hal/src/hal_i2c_m_sync.o
 .rodata.str1.1
                0x0000000000002a90       0x1e hal/utils/src/utils_list.o
 .rodata.str1.1
                0x0000000000002aae       0x15 hpl/rtc/hpl_rtc.o
 *fill*         0x0000000000002ac3        0x1 
 .rodata        0x0000000000002ac4       0x29 hpl/sercom/hpl_sercom.o
 .rodata.str1.1
                0x0000000000002aed       0x1b hpl/sercom/hpl_sercom.o
 .rodata.str1.1
                0x0000000000002b08       0x16 usb/device/usbdc.o
 *(.ARM.extab* .gnu.linkonce.armextab.*)
                0x0000000000002b20                . = ALIGN (0x4)
 *fill*         0x0000000000002b1e        0x2 
 *(.init)
 .init          0x0000000000002b20        0x4 /usr/lib/gcc/arm-none-eabi/8.3.1/thumb/v6-m/nofp/crti.o
                0x0000000000002b20                _init
 .init          0x0000000000002b24        0x8 /usr/lib/gcc/arm-none-eabi/8.3.1/thumb/v6-m/nofp/crtn.o
                0x0000000000002b2c                . = ALIGN (0x4)
                0x0000000000002b2c                __preinit_array_start = .
 *(.preinit_array)
                0x0000000000002b2c                __preinit_array_end = .
                0x0000000000002b2c                . = ALIGN (0x4)
                0x0000000000002b2c                __init_array_start = .
 *(SORT_BY_NAME(.init_array.*))
 *(.init_array)
 .init_array    0x0000000000002b2c        0x4 /usr/lib/gcc/arm-none-eabi/8.3.1/thumb/v6-m/nofp/crtbegin.o
                0x0000000000002b30                __init_array_end = .
                0x0000000000002b30                . = ALIGN (0x4)
 *crtbegin.o(.ctors)
 *(EXCLUDE_FILE(*crtend.o) .ctors)
 *(SORT_BY_NAME(.ctors.*))
 *crtend.o(.ctors)
                0x0000000000002b30                . = ALIGN (0x4)
 *(.fini)
 .fini          0x0000000000002b30        0x4 /usr/lib/gcc/arm-none-eabi/8.3.1/thumb/v6-m/nofp/crti.o
                0x0000000000002b30                _fini
 .fini          0x0000000000002b34        0x8 /usr/lib/gcc/arm-none-eabi/8.3.1/thumb/v6-m/nofp/crtn.o
                0x0000000000002b3c                . = ALIGN (0x4)
                0x0000000000002b3c                __fini_array_start = .
 *(.fini_array)
 .fini_array    0x0000000000002b3c        0x4 /usr/lib/gcc/arm-none-eabi/8.3.1/thumb/v6-m/nofp/crtbegin.o
 *(SORT_BY_NAME(.fini_array.*))
                0x0000000000002b40                __fini_array_end = .
 *crtbegin.o(.dtors)
 *(EXCLUDE_FILE(*crtend.o) .dtors)
 *(SORT_BY_NAME(.dtors.*))
 *crtend.o(.dtors)
                0x0000000000002b40                . = ALIGN (0x4)
                0x0000000000002b40                _efixed = .
                [!provide]                        PROVIDE (__exidx_start = .)

.vfp11_veneer   0x0000000000002b40        0x0
 .vfp11_veneer  0x0000000000002b40        0x0 linker stubs

.v4_bx          0x0000000000002b40        0x0
 .v4_bx         0x0000000000002b40        0x0 linker stubs

.iplt           0x0000000000002b40        0x0
 .iplt          0x0000000000002b40        0x0 /usr/lib/gcc/arm-none-eabi/8.3.1/thumb/v6-m/nofp/crtbegin.o

.eh_frame       0x0000000000002b40        0x0
 .eh_frame      0x0000000000002b40        0x0 /usr/lib/gcc/arm-none-eabi/8.3.1/thumb/v6-m/nofp/crtbegin.o

.rel.dyn        0x0000000000002b40        0x0
 .rel.iplt      0x0000000000002b40        0x0 /usr/lib/gcc/arm-none-eabi/8.3.1/thumb/v6-m/nofp/crtbegin.o

.tm_clone_table
                0x0000000000002b40        0x0
 .tm_clone_table
                0x0000000000002b40        0x0 /usr/lib/gcc/arm-none-eabi/8.3.1/thumb/v6-m/nofp/crtbegin.o
 .tm_clone_table
                0x0000000000002b40        0x0 /usr/lib/gcc/arm-none-eabi/8.3.1/thumb/v6-m/nofp/crtend.o

.igot.plt       0x0000000000002b40        0x0
 .igot.plt      0x0000000000002b40        0x0 /usr/lib/gcc/arm-none-eabi/8.3.1/thumb/v6-m/nofp/crtbegin.o

.ARM.exidx
 *(.ARM.exidx* .gnu.linkonce.armexidx.*)
                [!provide]                        PROVIDE (__exidx_end = .)
                0x0000000000002b40                . = ALIGN (0x4)
                0x0000000000002b40                _etext = .

.relocate       0x0000000020000000       0x68 load address 0x0000000000002b40
                0x0000000020000000                . = ALIGN (0x4)
                0x0000000020000000                _srelocate = .
 *(.ramfunc .ramfunc.*)
 *(.data .data.*)
 .data          0x0000000020000000        0x8 usb/class/cdc/device/cdcdf_acm.o
 .data          0x0000000020000008       0x5d usb_start.o
                0x0000000020000068                . = ALIGN (0x4)
 *fill*         0x0000000020000065        0x3 
                0x0000000020000068                _erelocate = .

.bss            0x0000000020000068      0x388 load address 0x0000000000002ba8
                0x0000000020000068                . = ALIGN (0x4)
                0x0000000020000068                _sbss = .
                0x0000000020000068                _szero = .
 *(.bss .bss.*)
 .bss           0x0000000020000068       0x1c /usr/lib/gcc/arm-none-eabi/8.3.1/thumb/v6-m/nofp/crtbegin.o
 .bss           0x0000000020000084       0x24 usb/class/cdc/device/cdcdf_acm.o
 .bss           0x00000000200000a8      0x1e8 hpl/usb/hpl_usb.o
 .bss           0x0000000020000290       0x80 usb_start.o
 .bss           0x0000000020000310       0x80 hal/src/hal_usb_device.o
 .bss           0x0000000020000390        0x4 hpl/rtc/hpl_rtc.o
 .bss           0x0000000020000394       0x20 usb/device/usbdc.o
 *(COMMON)
 COMMON         0x00000000200003b4       0x3c driver_init.o
                0x00000000200003b4                I2C_0
                0x00000000200003d4                TIMER_0
                0x00000000200003f0                . = ALIGN (0x4)
                0x00000000200003f0                _ebss = .
                0x00000000200003f0                _ezero = .

.stack          0x00000000200003f0      0x400 load address 0x0000000000002f30
                0x00000000200003f0                . = ALIGN (0x8)
                0x00000000200003f0                _sstack = .
                0x00000000200007f0                . = (. + STACK_SIZE)
 *fill*         0x00000000200003f0      0x400 
                0x00000000200007f0                . = ALIGN (0x8)
                0x00000000200007f0                _estack = .
                0x00000000200007f0                . = ALIGN (0x4)
                0x00000000200007f0                _end = .
OUTPUT(AtmelStart.elf elf32-littlearm)
LOAD linker stubs

.ARM.attributes
                0x0000000000000000       0x28
 .ARM.attributes
                0x0000000000000000       0x1e /usr/lib/gcc/arm-none-eabi/8.3.1/thumb/v6-m/nofp/crti.o
 .ARM.attributes
                0x000000000000001e       0x2c /usr/lib/gcc/arm-none-eabi/8.3.1/thumb/v6-m/nofp/crtbegin.o
 .ARM.attributes
                0x000000000000004a       0x2c samd21a/gcc/gcc/startup_samd21.o
 .ARM.attributes
                0x0000000000000076       0x2c usb/class/cdc/device/cdcdf_acm.o
 .ARM.attributes
                0x00000000000000a2       0x2c hal/src/hal_timer.o
 .ARM.attributes
                0x00000000000000ce       0x2c hpl/usb/hpl_usb.o
 .ARM.attributes
                0x00000000000000fa       0x2c hal/src/hal_i2c_m_sync.o
 .ARM.attributes
                0x0000000000000126       0x2c hpl/sysctrl/hpl_sysctrl.o
 .ARM.attributes
                0x0000000000000152       0x2c hpl/core/hpl_init.o
 .ARM.attributes
                0x000000000000017e       0x2c hal/utils/src/utils_list.o
 .ARM.attributes
                0x00000000000001aa       0x2c hal/utils/src/utils_assert.o
 .ARM.attributes
                0x00000000000001d6       0x2c usb_start.o
 .ARM.attributes
                0x0000000000000202       0x2c hpl/pm/hpl_pm.o
 .ARM.attributes
                0x000000000000022e       0x2c hpl/gclk/hpl_gclk.o
 .ARM.attributes
                0x000000000000025a       0x2c usb/usb_protocol.o
 .ARM.attributes
                0x0000000000000286       0x2c hal/src/hal_usb_device.o
 .ARM.attributes
                0x00000000000002b2       0x2c main.o
 .ARM.attributes
                0x00000000000002de       0x2c hpl/rtc/hpl_rtc.o
 .ARM.attributes
                0x000000000000030a       0x2c driver_init.o
 .ARM.attributes
                0x0000000000000336       0x2c hpl/sercom/hpl_sercom.o
 .ARM.attributes
                0x0000000000000362       0x2c atmel_start.o
 .ARM.attributes
                0x000000000000038e       0x2c usb/device/usbdc.o
 .ARM.attributes
                0x00000000000003ba       0x2c hal/src/hal_atomic.o
 .ARM.attributes
                0x00000000000003e6       0x1e /usr/lib/gcc/arm-none-eabi/8.3.1/thumb/v6-m/nofp/libgcc.a(_thumb1_case_sqi.o)
 .ARM.attributes
                0x0000000000000404       0x1e /usr/lib/gcc/arm-none-eabi/8.3.1/thumb/v6-m/nofp/libgcc.a(_thumb1_case_shi.o)
 .ARM.attributes
                0x0000000000000422       0x2c /usr/lib/gcc/arm-none-eabi/8.3.1/../../../arm-none-eabi/lib/thumb/v6-m/nofp/libc_nano.a(lib_a-init.o)
 .ARM.attributes
                0x000000000000044e       0x2c /usr/lib/gcc/arm-none-eabi/8.3.1/../../../arm-none-eabi/lib/thumb/v6-m/nofp/libc_nano.a(lib_a-memcpy-stub.o)
 .ARM.attributes
                0x000000000000047a       0x2c /usr/lib/gcc/arm-none-eabi/8.3.1/../../../arm-none-eabi/lib/thumb/v6-m/nofp/libc_nano.a(lib_a-memset.o)
 .ARM.attributes
                0x00000000000004a6       0x2c /usr/lib/gcc/arm-none-eabi/8.3.1/thumb/v6-m/nofp/crtend.o
 .ARM.attributes
                0x00000000000004d2       0x1e /usr/lib/gcc/arm-none-eabi/8.3.1/thumb/v6-m/nofp/crtn.o

.comment        0x0000000000000000       0x9f
 .comment       0x0000000000000000       0x51 /usr/lib/gcc/arm-none-eabi/8.3.1/thumb/v6-m/nofp/crtbegin.o
                                         0x52 (size before relaxing)
 .comment       0x0000000000000051       0x52 samd21a/gcc/gcc/startup_samd21.o
 .comment       0x0000000000000051       0x52 usb/class/cdc/device/cdcdf_acm.o
 .comment       0x0000000000000051       0x52 hal/src/hal_timer.o
 .comment       0x0000000000000051       0x52 hpl/usb/hpl_usb.o
 .comment       0x0000000000000051       0x52 hal/src/hal_i2c_m_sync.o
 .comment       0x0000000000000051       0x52 hpl/sysctrl/hpl_sysctrl.o
 .comment       0x0000000000000051       0x52 hpl/core/hpl_init.o
 .comment       0x0000000000000051       0x52 hal/utils/src/utils_list.o
 .comment       0x0000000000000051       0x52 hal/utils/src/utils_assert.o
 .comment       0x0000000000000051       0x52 usb_start.o
 .comment       0x0000000000000051       0x52 hpl/pm/hpl_pm.o
 .comment       0x0000000000000051       0x52 hpl/gclk/hpl_gclk.o
 .comment       0x0000000000000051       0x52 usb/usb_protocol.o
 .comment       0x0000000000000051       0x52 hal/src/hal_usb_device.o
 .comment       0x0000000000000051       0x52 main.o
 .comment       0x0000000000000051       0x52 hpl/rtc/hpl_rtc.o
 .comment       0x0000000000000051       0x52 driver_init.o
 .comment       0x0000000000000051       0x52 hpl/sercom/hpl_sercom.o
 .comment       0x0000000000000051       0x52 atmel_start.o
 .comment       0x0000000000000051       0x52 usb/device/usbdc.o
 .comment       0x0000000000000051       0x52 hal/src/hal_atomic.o
 .comment       0x0000000000000051       0x4e /usr/lib/gcc/arm-none-eabi/8.3.1/../../../arm-none-eabi/lib/thumb/v6-m/nofp/libc_nano.a(lib_a-init.o)
                                         0x4f (size before relaxing)
 .comment       0x000000000000009f       0x4f /usr/lib/gcc/arm-none-eabi/8.3.1/../../../arm-none-eabi/lib/thumb/v6-m/nofp/libc_nano.a(lib_a-memcpy-stub.o)
 .comment       0x000000000000009f       0x4f /usr/lib/gcc/arm-none-eabi/8.3.1/../../../arm-none-eabi/lib/thumb/v6-m/nofp/libc_nano.a(lib_a-memset.o)
 .comment       0x000000000000009f       0x52 /usr/lib/gcc/arm-none-eabi/8.3.1/thumb/v6-m/nofp/crtend.o

.debug_info     0x0000000000000000    0x33247
 .debug_info    0x0000000000000000     0x3977 samd21a/gcc/gcc/startup_samd21.o
 .debug_info    0x0000000000003977     0x17b9 usb/class/cdc/device/cdcdf_acm.o
 .debug_info    0x0000000000005130      0xb30 hal/src/hal_timer.o
 .debug_info    0x0000000000005c60     0x8dad hpl/usb/hpl_usb.o
 .debug_info    0x000000000000ea0d      0x8b8 hal/src/hal_i2c_m_sync.o
 .debug_info    0x000000000000f2c5     0x1a46 hpl/sysctrl/hpl_sysctrl.o
 .debug_info    0x0000000000010d0b      0x65d hpl/core/hpl_init.o
 .debug_info    0x0000000000011368      0x322 hal/utils/src/utils_list.o
 .debug_info    0x000000000001168a       0xf1 hal/utils/src/utils_assert.o
 .debug_info    0x000000000001177b     0x10d8 usb_start.o
 .debug_info    0x0000000000012853      0xc7f hpl/pm/hpl_pm.o
 .debug_info    0x00000000000134d2      0x723 hpl/gclk/hpl_gclk.o
 .debug_info    0x0000000000013bf5      0xe65 usb/usb_protocol.o
 .debug_info    0x0000000000014a5a     0x1e2c hal/src/hal_usb_device.o
 .debug_info    0x0000000000016886      0xc34 main.o
 .debug_info    0x00000000000174ba     0x2076 hpl/rtc/hpl_rtc.o
 .debug_info    0x0000000000019530     0x98b0 driver_init.o
 .debug_info    0x0000000000022de0     0xb293 hpl/sercom/hpl_sercom.o
 .debug_info    0x000000000002e073      0xc45 atmel_start.o
 .debug_info    0x000000000002ecb8     0x23f2 usb/device/usbdc.o
 .debug_info    0x00000000000310aa      0x1e1 hal/src/hal_atomic.o
 .debug_info    0x000000000003128b       0x26 /usr/lib/gcc/arm-none-eabi/8.3.1/thumb/v6-m/nofp/libgcc.a(_thumb1_case_sqi.o)
 .debug_info    0x00000000000312b1       0x26 /usr/lib/gcc/arm-none-eabi/8.3.1/thumb/v6-m/nofp/libgcc.a(_thumb1_case_shi.o)
 .debug_info    0x00000000000312d7      0x11a /usr/lib/gcc/arm-none-eabi/8.3.1/../../../arm-none-eabi/lib/thumb/v6-m/nofp/libc_nano.a(lib_a-init.o)
 .debug_info    0x00000000000313f1      0xf35 /usr/lib/gcc/arm-none-eabi/8.3.1/../../../arm-none-eabi/lib/thumb/v6-m/nofp/libc_nano.a(lib_a-memcpy-stub.o)
 .debug_info    0x0000000000032326      0xf21 /usr/lib/gcc/arm-none-eabi/8.3.1/../../../arm-none-eabi/lib/thumb/v6-m/nofp/libc_nano.a(lib_a-memset.o)

.debug_abbrev   0x0000000000000000     0x475a
 .debug_abbrev  0x0000000000000000      0x2a1 samd21a/gcc/gcc/startup_samd21.o
 .debug_abbrev  0x00000000000002a1      0x4b6 usb/class/cdc/device/cdcdf_acm.o
 .debug_abbrev  0x0000000000000757      0x24e hal/src/hal_timer.o
 .debug_abbrev  0x00000000000009a5      0x745 hpl/usb/hpl_usb.o
 .debug_abbrev  0x00000000000010ea      0x1b1 hal/src/hal_i2c_m_sync.o
 .debug_abbrev  0x000000000000129b      0x2d2 hpl/sysctrl/hpl_sysctrl.o
 .debug_abbrev  0x000000000000156d      0x1f7 hpl/core/hpl_init.o
 .debug_abbrev  0x0000000000001764      0x147 hal/utils/src/utils_list.o
 .debug_abbrev  0x00000000000018ab       0x8c hal/utils/src/utils_assert.o
 .debug_abbrev  0x0000000000001937      0x332 usb_start.o
 .debug_abbrev  0x0000000000001c69      0x27f hpl/pm/hpl_pm.o
 .debug_abbrev  0x0000000000001ee8      0x208 hpl/gclk/hpl_gclk.o
 .debug_abbrev  0x00000000000020f0      0x327 usb/usb_protocol.o
 .debug_abbrev  0x0000000000002417      0x549 hal/src/hal_usb_device.o
 .debug_abbrev  0x0000000000002960      0x1fb main.o
 .debug_abbrev  0x0000000000002b5b      0x45e hpl/rtc/hpl_rtc.o
 .debug_abbrev  0x0000000000002fb9      0x41c driver_init.o
 .debug_abbrev  0x00000000000033d5      0x694 hpl/sercom/hpl_sercom.o
 .debug_abbrev  0x0000000000003a69      0x1f9 atmel_start.o
 .debug_abbrev  0x0000000000003c62      0x4d1 usb/device/usbdc.o
 .debug_abbrev  0x0000000000004133      0x175 hal/src/hal_atomic.o
 .debug_abbrev  0x00000000000042a8       0x14 /usr/lib/gcc/arm-none-eabi/8.3.1/thumb/v6-m/nofp/libgcc.a(_thumb1_case_sqi.o)
 .debug_abbrev  0x00000000000042bc       0x14 /usr/lib/gcc/arm-none-eabi/8.3.1/thumb/v6-m/nofp/libgcc.a(_thumb1_case_shi.o)
 .debug_abbrev  0x00000000000042d0       0xcc /usr/lib/gcc/arm-none-eabi/8.3.1/../../../arm-none-eabi/lib/thumb/v6-m/nofp/libc_nano.a(lib_a-init.o)
 .debug_abbrev  0x000000000000439c      0x1e5 /usr/lib/gcc/arm-none-eabi/8.3.1/../../../arm-none-eabi/lib/thumb/v6-m/nofp/libc_nano.a(lib_a-memcpy-stub.o)
 .debug_abbrev  0x0000000000004581      0x1d9 /usr/lib/gcc/arm-none-eabi/8.3.1/../../../arm-none-eabi/lib/thumb/v6-m/nofp/libc_nano.a(lib_a-memset.o)

.debug_loc      0x0000000000000000    0x1069b
 .debug_loc     0x0000000000000000       0x5a samd21a/gcc/gcc/startup_samd21.o
 .debug_loc     0x000000000000005a      0x8a9 usb/class/cdc/device/cdcdf_acm.o
 .debug_loc     0x0000000000000903      0x5bc hal/src/hal_timer.o
 .debug_loc     0x0000000000000ebf     0x3f0f hpl/usb/hpl_usb.o
 .debug_loc     0x0000000000004dce      0x5d7 hal/src/hal_i2c_m_sync.o
 .debug_loc     0x00000000000053a5      0x36a hpl/sysctrl/hpl_sysctrl.o
 .debug_loc     0x000000000000570f       0x30 hpl/core/hpl_init.o
 .debug_loc     0x000000000000573f      0x1cb hal/utils/src/utils_list.o
 .debug_loc     0x000000000000590a       0xde usb_start.o
 .debug_loc     0x00000000000059e8      0x129 hpl/pm/hpl_pm.o
 .debug_loc     0x0000000000005b11      0x298 hpl/gclk/hpl_gclk.o
 .debug_loc     0x0000000000005da9      0x393 usb/usb_protocol.o
 .debug_loc     0x000000000000613c      0xe64 hal/src/hal_usb_device.o
 .debug_loc     0x0000000000006fa0      0x4e5 hpl/rtc/hpl_rtc.o
 .debug_loc     0x0000000000007485      0xc3e driver_init.o
 .debug_loc     0x00000000000080c3     0x6a9c hpl/sercom/hpl_sercom.o
 .debug_loc     0x000000000000eb5f     0x131a usb/device/usbdc.o
 .debug_loc     0x000000000000fe79       0x2a hal/src/hal_atomic.o
 .debug_loc     0x000000000000fea3       0x98 /usr/lib/gcc/arm-none-eabi/8.3.1/../../../arm-none-eabi/lib/thumb/v6-m/nofp/libc_nano.a(lib_a-init.o)
 .debug_loc     0x000000000000ff3b      0x481 /usr/lib/gcc/arm-none-eabi/8.3.1/../../../arm-none-eabi/lib/thumb/v6-m/nofp/libc_nano.a(lib_a-memcpy-stub.o)
 .debug_loc     0x00000000000103bc      0x2df /usr/lib/gcc/arm-none-eabi/8.3.1/../../../arm-none-eabi/lib/thumb/v6-m/nofp/libc_nano.a(lib_a-memset.o)

.debug_aranges  0x0000000000000000      0xd30
 .debug_aranges
                0x0000000000000000       0x28 samd21a/gcc/gcc/startup_samd21.o
 .debug_aranges
                0x0000000000000028       0x70 usb/class/cdc/device/cdcdf_acm.o
 .debug_aranges
                0x0000000000000098       0x70 hal/src/hal_timer.o
 .debug_aranges
                0x0000000000000108      0x140 hpl/usb/hpl_usb.o
 .debug_aranges
                0x0000000000000248       0x88 hal/src/hal_i2c_m_sync.o
 .debug_aranges
                0x00000000000002d0       0x28 hpl/sysctrl/hpl_sysctrl.o
 .debug_aranges
                0x00000000000002f8       0x20 hpl/core/hpl_init.o
 .debug_aranges
                0x0000000000000318       0x48 hal/utils/src/utils_list.o
 .debug_aranges
                0x0000000000000360       0x20 hal/utils/src/utils_assert.o
 .debug_aranges
                0x0000000000000380       0x48 usb_start.o
 .debug_aranges
                0x00000000000003c8       0x30 hpl/pm/hpl_pm.o
 .debug_aranges
                0x00000000000003f8       0x28 hpl/gclk/hpl_gclk.o
 .debug_aranges
                0x0000000000000420       0x48 usb/usb_protocol.o
 .debug_aranges
                0x0000000000000468      0x100 hal/src/hal_usb_device.o
 .debug_aranges
                0x0000000000000568       0x20 main.o
 .debug_aranges
                0x0000000000000588       0x70 hpl/rtc/hpl_rtc.o
 .debug_aranges
                0x00000000000005f8       0x68 driver_init.o
 .debug_aranges
                0x0000000000000660      0x500 hpl/sercom/hpl_sercom.o
 .debug_aranges
                0x0000000000000b60       0x20 atmel_start.o
 .debug_aranges
                0x0000000000000b80       0xe0 usb/device/usbdc.o
 .debug_aranges
                0x0000000000000c60       0x30 hal/src/hal_atomic.o
 .debug_aranges
                0x0000000000000c90       0x20 /usr/lib/gcc/arm-none-eabi/8.3.1/thumb/v6-m/nofp/libgcc.a(_thumb1_case_sqi.o)
 .debug_aranges
                0x0000000000000cb0       0x20 /usr/lib/gcc/arm-none-eabi/8.3.1/thumb/v6-m/nofp/libgcc.a(_thumb1_case_shi.o)
 .debug_aranges
                0x0000000000000cd0       0x20 /usr/lib/gcc/arm-none-eabi/8.3.1/../../../arm-none-eabi/lib/thumb/v6-m/nofp/libc_nano.a(lib_a-init.o)
 .debug_aranges
                0x0000000000000cf0       0x20 /usr/lib/gcc/arm-none-eabi/8.3.1/../../../arm-none-eabi/lib/thumb/v6-m/nofp/libc_nano.a(lib_a-memcpy-stub.o)
 .debug_aranges
                0x0000000000000d10       0x20 /usr/lib/gcc/arm-none-eabi/8.3.1/../../../arm-none-eabi/lib/thumb/v6-m/nofp/libc_nano.a(lib_a-memset.o)

.debug_ranges   0x0000000000000000     0x3168
 .debug_ranges  0x0000000000000000       0x18 samd21a/gcc/gcc/startup_samd21.o
 .debug_ranges  0x0000000000000018      0x198 usb/class/cdc/device/cdcdf_acm.o
 .debug_ranges  0x00000000000001b0       0x98 hal/src/hal_timer.o
 .debug_ranges  0x0000000000000248      0xb40 hpl/usb/hpl_usb.o
 .debug_ranges  0x0000000000000d88       0x78 hal/src/hal_i2c_m_sync.o
 .debug_ranges  0x0000000000000e00       0xd8 hpl/sysctrl/hpl_sysctrl.o
 .debug_ranges  0x0000000000000ed8       0x30 hpl/core/hpl_init.o
 .debug_ranges  0x0000000000000f08       0x50 hal/utils/src/utils_list.o
 .debug_ranges  0x0000000000000f58       0x10 hal/utils/src/utils_assert.o
 .debug_ranges  0x0000000000000f68       0x38 usb_start.o
 .debug_ranges  0x0000000000000fa0       0x50 hpl/pm/hpl_pm.o
 .debug_ranges  0x0000000000000ff0       0x18 hpl/gclk/hpl_gclk.o
 .debug_ranges  0x0000000000001008       0xf8 usb/usb_protocol.o
 .debug_ranges  0x0000000000001100      0x150 hal/src/hal_usb_device.o
 .debug_ranges  0x0000000000001250       0x10 main.o
 .debug_ranges  0x0000000000001260      0x168 hpl/rtc/hpl_rtc.o
 .debug_ranges  0x00000000000013c8      0x480 driver_init.o
 .debug_ranges  0x0000000000001848     0x15c8 hpl/sercom/hpl_sercom.o
 .debug_ranges  0x0000000000002e10       0x10 atmel_start.o
 .debug_ranges  0x0000000000002e20      0x328 usb/device/usbdc.o
 .debug_ranges  0x0000000000003148       0x20 hal/src/hal_atomic.o

.debug_macro    0x0000000000000000     0x8618
 .debug_macro   0x0000000000000000      0x29f samd21a/gcc/gcc/startup_samd21.o
 .debug_macro   0x000000000000029f       0x39 samd21a/gcc/gcc/startup_samd21.o
 .debug_macro   0x00000000000002d8      0x53e usb/class/cdc/device/cdcdf_acm.o
 .debug_macro   0x0000000000000816       0x22 usb/class/cdc/device/cdcdf_acm.o
 .debug_macro   0x0000000000000838       0x52 usb/class/cdc/device/cdcdf_acm.o
 .debug_macro   0x000000000000088a       0x18 usb/class/cdc/device/cdcdf_acm.o
 .debug_macro   0x00000000000008a2       0x94 usb/class/cdc/device/cdcdf_acm.o
 .debug_macro   0x0000000000000936       0x35 usb/class/cdc/device/cdcdf_acm.o
 .debug_macro   0x000000000000096b       0x34 usb/class/cdc/device/cdcdf_acm.o
 .debug_macro   0x000000000000099f       0x16 usb/class/cdc/device/cdcdf_acm.o
 .debug_macro   0x00000000000009b5       0x43 usb/class/cdc/device/cdcdf_acm.o
 .debug_macro   0x00000000000009f8       0x57 usb/class/cdc/device/cdcdf_acm.o
 .debug_macro   0x0000000000000a4f       0x34 usb/class/cdc/device/cdcdf_acm.o
 .debug_macro   0x0000000000000a83       0x10 usb/class/cdc/device/cdcdf_acm.o
 .debug_macro   0x0000000000000a93       0x52 usb/class/cdc/device/cdcdf_acm.o
 .debug_macro   0x0000000000000ae5      0x182 usb/class/cdc/device/cdcdf_acm.o
 .debug_macro   0x0000000000000c67      0x35c usb/class/cdc/device/cdcdf_acm.o
 .debug_macro   0x0000000000000fc3       0x10 usb/class/cdc/device/cdcdf_acm.o
 .debug_macro   0x0000000000000fd3       0x35 usb/class/cdc/device/cdcdf_acm.o
 .debug_macro   0x0000000000001008       0xc9 usb/class/cdc/device/cdcdf_acm.o
 .debug_macro   0x00000000000010d1       0xaf usb/class/cdc/device/cdcdf_acm.o
 .debug_macro   0x0000000000001180       0x76 usb/class/cdc/device/cdcdf_acm.o
 .debug_macro   0x00000000000011f6      0x11b usb/class/cdc/device/cdcdf_acm.o
 .debug_macro   0x0000000000001311       0xd1 usb/class/cdc/device/cdcdf_acm.o
 .debug_macro   0x00000000000013e2       0xee usb/class/cdc/device/cdcdf_acm.o
 .debug_macro   0x00000000000014d0      0x12b usb/class/cdc/device/cdcdf_acm.o
 .debug_macro   0x00000000000015fb      0x256 usb/class/cdc/device/cdcdf_acm.o
 .debug_macro   0x0000000000001851      0x413 hal/src/hal_timer.o
 .debug_macro   0x0000000000001c64      0x6a5 hpl/usb/hpl_usb.o
 .debug_macro   0x0000000000002309       0xcb hpl/usb/hpl_usb.o
 .debug_macro   0x00000000000023d4      0x356 hpl/usb/hpl_usb.o
 .debug_macro   0x000000000000272a      0x408 hal/src/hal_i2c_m_sync.o
 .debug_macro   0x0000000000002b32       0x6a hal/src/hal_i2c_m_sync.o
 .debug_macro   0x0000000000002b9c      0x3e3 hpl/sysctrl/hpl_sysctrl.o
 .debug_macro   0x0000000000002f7f      0x2da hpl/sysctrl/hpl_sysctrl.o
 .debug_macro   0x0000000000003259      0x447 hpl/core/hpl_init.o
 .debug_macro   0x00000000000036a0       0x1c hpl/core/hpl_init.o
 .debug_macro   0x00000000000036bc       0x42 hpl/core/hpl_init.o
 .debug_macro   0x00000000000036fe       0x2e hpl/core/hpl_init.o
 .debug_macro   0x000000000000372c      0x6ec hpl/core/hpl_init.o
 .debug_macro   0x0000000000003e18      0x3da hal/utils/src/utils_list.o
 .debug_macro   0x00000000000041f2      0x3d6 hal/utils/src/utils_assert.o
 .debug_macro   0x00000000000045c8       0x10 hal/utils/src/utils_assert.o
 .debug_macro   0x00000000000045d8      0x621 usb_start.o
 .debug_macro   0x0000000000004bf9       0x5e usb_start.o
 .debug_macro   0x0000000000004c57       0x70 usb_start.o
 .debug_macro   0x0000000000004cc7       0x4c usb_start.o
 .debug_macro   0x0000000000004d13      0x40c hpl/pm/hpl_pm.o
 .debug_macro   0x000000000000511f      0x3e9 hpl/gclk/hpl_gclk.o
 .debug_macro   0x0000000000005508      0x1f3 hpl/gclk/hpl_gclk.o
 .debug_macro   0x00000000000056fb      0x4ee usb/usb_protocol.o
 .debug_macro   0x0000000000005be9      0x4dd hal/src/hal_usb_device.o
 .debug_macro   0x00000000000060c6      0x61c main.o
 .debug_macro   0x00000000000066e2      0x411 hpl/rtc/hpl_rtc.o
 .debug_macro   0x0000000000006af3       0x64 hpl/rtc/hpl_rtc.o
 .debug_macro   0x0000000000006b57      0x4ee driver_init.o
 .debug_macro   0x0000000000007045      0x614 hpl/sercom/hpl_sercom.o
 .debug_macro   0x0000000000007659       0x59 hpl/sercom/hpl_sercom.o
 .debug_macro   0x00000000000076b2       0x10 hpl/sercom/hpl_sercom.o
 .debug_macro   0x00000000000076c2       0x1c hpl/sercom/hpl_sercom.o
 .debug_macro   0x00000000000076de       0x22 hpl/sercom/hpl_sercom.o
 .debug_macro   0x0000000000007700       0x10 hpl/sercom/hpl_sercom.o
 .debug_macro   0x0000000000007710      0x61c atmel_start.o
 .debug_macro   0x0000000000007d2c      0x51f usb/device/usbdc.o
 .debug_macro   0x000000000000824b      0x3cd hal/src/hal_atomic.o

.debug_line     0x0000000000000000    0x1499e
 .debug_line    0x0000000000000000      0x46a samd21a/gcc/gcc/startup_samd21.o
 .debug_line    0x000000000000046a      0xd2b usb/class/cdc/device/cdcdf_acm.o
 .debug_line    0x0000000000001195      0xae4 hal/src/hal_timer.o
 .debug_line    0x0000000000001c79     0x2c7a hpl/usb/hpl_usb.o
 .debug_line    0x00000000000048f3      0x98d hal/src/hal_i2c_m_sync.o
 .debug_line    0x0000000000005280      0xa35 hpl/sysctrl/hpl_sysctrl.o
 .debug_line    0x0000000000005cb5      0x730 hpl/core/hpl_init.o
 .debug_line    0x00000000000063e5      0x782 hal/utils/src/utils_list.o
 .debug_line    0x0000000000006b67      0x625 hal/utils/src/utils_assert.o
 .debug_line    0x000000000000718c      0xa5a usb_start.o
 .debug_line    0x0000000000007be6      0x781 hpl/pm/hpl_pm.o
 .debug_line    0x0000000000008367      0x85a hpl/gclk/hpl_gclk.o
 .debug_line    0x0000000000008bc1      0xac3 usb/usb_protocol.o
 .debug_line    0x0000000000009684     0x1056 hal/src/hal_usb_device.o
 .debug_line    0x000000000000a6da      0x985 main.o
 .debug_line    0x000000000000b05f      0xc49 hpl/rtc/hpl_rtc.o
 .debug_line    0x000000000000bca8      0xfb7 driver_init.o
 .debug_line    0x000000000000cc5f     0x5412 hpl/sercom/hpl_sercom.o
 .debug_line    0x0000000000012071      0x987 atmel_start.o
 .debug_line    0x00000000000129f8     0x127a usb/device/usbdc.o
 .debug_line    0x0000000000013c72      0x691 hal/src/hal_atomic.o
 .debug_line    0x0000000000014303       0x68 /usr/lib/gcc/arm-none-eabi/8.3.1/thumb/v6-m/nofp/libgcc.a(_thumb1_case_sqi.o)
 .debug_line    0x000000000001436b       0x69 /usr/lib/gcc/arm-none-eabi/8.3.1/thumb/v6-m/nofp/libgcc.a(_thumb1_case_shi.o)
 .debug_line    0x00000000000143d4       0xfc /usr/lib/gcc/arm-none-eabi/8.3.1/../../../arm-none-eabi/lib/thumb/v6-m/nofp/libc_nano.a(lib_a-init.o)
 .debug_line    0x00000000000144d0      0x24d /usr/lib/gcc/arm-none-eabi/8.3.1/../../../arm-none-eabi/lib/thumb/v6-m/nofp/libc_nano.a(lib_a-memcpy-stub.o)
 .debug_line    0x000000000001471d      0x281 /usr/lib/gcc/arm-none-eabi/8.3.1/../../../arm-none-eabi/lib/thumb/v6-m/nofp/libc_nano.a(lib_a-memset.o)

.debug_str      0x0000000000000000    0x8705f
 .debug_str     0x0000000000000000    0x6a25c samd21a/gcc/gcc/startup_samd21.o
                                      0x6a698 (size before relaxing)
 .debug_str     0x000000000006a25c     0xf243 usb/class/cdc/device/cdcdf_acm.o
                                      0x7892f (size before relaxing)
 .debug_str     0x000000000007949f      0x3c7 hal/src/hal_timer.o
                                      0x72a7d (size before relaxing)
 .debug_str     0x0000000000079866     0x2072 hpl/usb/hpl_usb.o
                                      0x78632 (size before relaxing)
 .debug_str     0x000000000007b8d8      0x356 hal/src/hal_i2c_m_sync.o
                                      0x72a52 (size before relaxing)
 .debug_str     0x000000000007bc2e     0x105d hpl/sysctrl/hpl_sysctrl.o
                                      0x7365c (size before relaxing)
 .debug_str     0x000000000007cc8b     0x1a0a hpl/core/hpl_init.o
                                      0x73d49 (size before relaxing)
 .debug_str     0x000000000007e695       0x57 hal/utils/src/utils_list.o
                                      0x72232 (size before relaxing)
 .debug_str     0x000000000007e6ec       0x2a hal/utils/src/utils_assert.o
                                      0x7218d (size before relaxing)
 .debug_str     0x000000000007e716      0xf1b usb_start.o
                                      0x79478 (size before relaxing)
 .debug_str     0x000000000007f631      0x3cc hpl/pm/hpl_pm.o
                                      0x728a9 (size before relaxing)
 .debug_str     0x000000000007f9fd      0x852 hpl/gclk/hpl_gclk.o
                                      0x72a93 (size before relaxing)
 .debug_str     0x000000000008024f      0x129 usb/usb_protocol.o
                                      0x76545 (size before relaxing)
 .debug_str     0x0000000000080378      0x3a7 hal/src/hal_usb_device.o
                                      0x76530 (size before relaxing)
 .debug_str     0x000000000008071f       0x1b main.o
                                      0x7916e (size before relaxing)
 .debug_str     0x000000000008073a      0x6ce hpl/rtc/hpl_rtc.o
                                      0x72c6f (size before relaxing)
 .debug_str     0x0000000000080e08      0xdda driver_init.o
                                      0x758dd (size before relaxing)
 .debug_str     0x0000000000081be2     0x48de hpl/sercom/hpl_sercom.o
                                      0x77d1f (size before relaxing)
 .debug_str     0x00000000000864c0       0x11 atmel_start.o
                                      0x79185 (size before relaxing)
 .debug_str     0x00000000000864d1      0x4d6 usb/device/usbdc.o
                                      0x77fa9 (size before relaxing)
 .debug_str     0x00000000000869a7       0x63 hal/src/hal_atomic.o
                                      0x72178 (size before relaxing)
 .debug_str     0x0000000000086a0a       0xa3 /usr/lib/gcc/arm-none-eabi/8.3.1/thumb/v6-m/nofp/libgcc.a(_thumb1_case_sqi.o)
 .debug_str     0x0000000000086aad       0xa3 /usr/lib/gcc/arm-none-eabi/8.3.1/thumb/v6-m/nofp/libgcc.a(_thumb1_case_shi.o)
 .debug_str     0x0000000000086aad      0x168 /usr/lib/gcc/arm-none-eabi/8.3.1/../../../arm-none-eabi/lib/thumb/v6-m/nofp/libc_nano.a(lib_a-init.o)
                                        0x222 (size before relaxing)
 .debug_str     0x0000000000086c15      0x3ab /usr/lib/gcc/arm-none-eabi/8.3.1/../../../arm-none-eabi/lib/thumb/v6-m/nofp/libc_nano.a(lib_a-memcpy-stub.o)
                                        0x92d (size before relaxing)
 .debug_str     0x0000000000086fc0       0x9f /usr/lib/gcc/arm-none-eabi/8.3.1/../../../arm-none-eabi/lib/thumb/v6-m/nofp/libc_nano.a(lib_a-memset.o)
                                        0x908 (size before relaxing)

.debug_frame    0x0000000000000000     0x22ac
 .debug_frame   0x0000000000000000       0x3c samd21a/gcc/gcc/startup_samd21.o
 .debug_frame   0x000000000000003c      0x11c usb/class/cdc/device/cdcdf_acm.o
 .debug_frame   0x0000000000000158      0x144 hal/src/hal_timer.o
 .debug_frame   0x000000000000029c      0x390 hpl/usb/hpl_usb.o
 .debug_frame   0x000000000000062c      0x16c hal/src/hal_i2c_m_sync.o
 .debug_frame   0x0000000000000798       0x30 hpl/sysctrl/hpl_sysctrl.o
 .debug_frame   0x00000000000007c8       0x28 hpl/core/hpl_init.o
 .debug_frame   0x00000000000007f0       0x88 hal/utils/src/utils_list.o
 .debug_frame   0x0000000000000878       0x20 hal/utils/src/utils_assert.o
 .debug_frame   0x0000000000000898       0xa8 usb_start.o
 .debug_frame   0x0000000000000940       0x40 hpl/pm/hpl_pm.o
 .debug_frame   0x0000000000000980       0x30 hpl/gclk/hpl_gclk.o
 .debug_frame   0x00000000000009b0       0xa4 usb/usb_protocol.o
 .debug_frame   0x0000000000000a54      0x30c hal/src/hal_usb_device.o
 .debug_frame   0x0000000000000d60       0x28 main.o
 .debug_frame   0x0000000000000d88      0x10c hpl/rtc/hpl_rtc.o
 .debug_frame   0x0000000000000e94       0xf4 driver_init.o
 .debug_frame   0x0000000000000f88      0xfb0 hpl/sercom/hpl_sercom.o
 .debug_frame   0x0000000000001f38       0x28 atmel_start.o
 .debug_frame   0x0000000000001f60      0x27c usb/device/usbdc.o
 .debug_frame   0x00000000000021dc       0x40 hal/src/hal_atomic.o
 .debug_frame   0x000000000000221c       0x2c /usr/lib/gcc/arm-none-eabi/8.3.1/../../../arm-none-eabi/lib/thumb/v6-m/nofp/libc_nano.a(lib_a-init.o)
 .debug_frame   0x0000000000002248       0x34 /usr/lib/gcc/arm-none-eabi/8.3.1/../../../arm-none-eabi/lib/thumb/v6-m/nofp/libc_nano.a(lib_a-memcpy-stub.o)
 .debug_frame   0x000000000000227c       0x30 /usr/lib/gcc/arm-none-eabi/8.3.1/../../../arm-none-eabi/lib/thumb/v6-m/nofp/libc_nano.a(lib_a-memset.o)
